
> test
> jest

node.exe : (node:8324) Warning: `--localstorage-file` was provided without a valid path
At line:1 char:1
+ & "C:\Program Files\nodejs/node.exe" "C:\Program Files\nodejs/node_mo ...
+ ~~~~~~~~~~~~~~~~~~~~~~~~~~~~~~~~~~~~~~~~~~~~~~~~~~~~~~~~~~~~~~~~~~~~~
    + CategoryInfo          : NotSpecified: ((node:8324) War...ut a valid path:String) [], RemoteException
    + FullyQualifiedErrorId : NativeCommandError
 
(Use `node --trace-warnings ...` to show where the warning was created)
PASS packages/engine/test/endTransaction.spec.ts
hello
(node:43248) Warning: `--localstorage-file` was provided without a valid path
(Use `node --trace-warnings ...` to show where the warning was created)
FAIL packages/engine/test/start.spec.ts
  ÔùÅ validateSpec fails when transaction.id is missing

    ENOENT: no such file or directory, open 'C:\Users\pimdo\IdeaProjects\gh-transactional\packages\engine\test\.tmp\tx.yaml'

    [0m [90m 13 |[39m
     [90m 14 |[39m [36mexport[39m [36mfunction[39m loadSpec(path[33m:[39m string)[33m:[39m [33mTransactionSpec[39m {
    [31m[1m>[22m[39m[90m 15 |[39m     [36mconst[39m raw [33m=[39m fs[33m.[39mreadFileSync(path[33m,[39m [32m"utf8"[39m)[33m;[39m
     [90m    |[39m                    [31m[1m^[22m[39m
     [90m 16 |[39m     [36mreturn[39m yaml[33m.[39mload(raw) [36mas[39m [33mTransactionSpec[39m[33m;[39m
     [90m 17 |[39m }[0m

      at loadSpec (packages/engine/src/transactionSpec.ts:15:20)
      at Object.<anonymous> (packages/engine/test/start.spec.ts:74:26)

first
run
(node:38508) Warning: `--localstorage-file` was provided without a valid path
(Use `node --trace-warnings ...` to show where the warning was created)
FAIL packages/engine/test/step.spec.ts
  ÔùÅ multiple steps are appended in execution order

    ENOENT: no such file or directory, open 'C:\Users\pimdo\IdeaProjects\gh-transactional\packages\engine\test\.tmp\tx.json'

    [0m [90m 36 |[39m
     [90m 37 |[39m [36mexport[39m [36mfunction[39m saveState(statePath[33m:[39m string[33m,[39m state[33m:[39m [33mTransactionState[39m) {
    [31m[1m>[22m[39m[90m 38 |[39m     fs[33m.[39mwriteFileSync(statePath[33m,[39m [33mJSON[39m[33m.[39mstringify(state[33m,[39m [36mnull[39m[33m,[39m [35m2[39m))[33m;[39m
     [90m    |[39m        [31m[1m^[22m[39m
     [90m 39 |[39m }
     [90m 40 |[39m[0m

      at saveState (packages/engine/src/state.ts:38:8)
      at Object.<anonymous> (packages/engine/test/step.spec.ts:84:14)

Test Suites: 2 failed, 1 passed, 3 total
Tests:       2 failed, 10 passed, 12 total
Snapshots:   0 total
Time:        3.179 s, estimated 4 s
Ran all test suites.
